<p>D:/NonInteractingTanks/NonInteractingTanks.TwoConnectedTanks/TwoConnectedTanks.exe -port=57460 -logFormat=xmltcp -startTime=0 -stopTime=1 -stepSize=0.002 -tolerance=1e-06 -s=dassl -outputFormat=mat -variableFilter=.* -r=D:/NonInteractingTanks/NonInteractingTanks.TwoConnectedTanks/TwoConnectedTanks_res.mat -w -lv=LOG_STDOUT,LOG_ASSERT,LOG_STATS -inputPath=D:/NonInteractingTanks/NonInteractingTanks.TwoConnectedTanks -outputPath=D:/NonInteractingTanks/NonInteractingTanks.TwoConnectedTanks</p>
LOG_SUCCESS		| info	 | <p>The initialization finished successfully without homotopy method.</p>
LOG_STATS		| info	 | <p>### STATISTICS ###</p>
|		| |	 | | <p>timer</p>
|		| |	 | | | <p>   0.0009376s          reading init.xml</p>
|		| |	 | | | <p>   0.0012566s          reading info.xml</p>
|		| |	 | | | <p>   0.0014518s [  6.7%] pre-initialization</p>
|		| |	 | | | <p>   0.0002013s [  0.9%] initialization</p>
|		| |	 | | | <p>    2.87e-05s [  0.1%] steps</p>
|		| |	 | | | <p>   0.0004213s [  1.9%] solver (excl. callbacks)</p>
|		| |	 | | | <p>   0.0023149s [ 10.7%] creating output-file</p>
|		| |	 | | | <p>   0.0001922s [  0.9%] event-handling</p>
|		| |	 | | | <p>   0.0004414s [  2.0%] overhead</p>
|		| |	 | | | <p>    0.016598s [ 76.7%] simulation</p>
|		| |	 | | | <p>   0.0216496s [100.0%] total</p>
|		| |	 | | <p>events</p>
|		| |	 | | | <p>    0 state events</p>
|		| |	 | | | <p>    0 time events</p>
|		| |	 | | <p>solver: dassl</p>
|		| |	 | | | <p>   22 steps taken</p>
|		| |	 | | | <p>   22 calls of functionODE</p>
|		| |	 | | | <p>   21 evaluations of jacobian</p>
|		| |	 | | | <p>    0 error test failures</p>
|		| |	 | | | <p>    0 convergence test failures</p>
|		| |	 | | | <p>1.57e-05s time of jacobian evaluation</p>
LOG_SUCCESS		| info	 | <p>The simulation finished successfully.</p>
